<h1>My Document</h1>

<p>This is <em>my</em> document with some <strong>Markdown</strong>.</p>
